src/prisma/prisma.service.ts(8,13): error TS2353: Object literal may only specify known properties, and 'datasourceUrl' does not exist in type 'Subset<PrismaClientOptions, PrismaClientOptions>'.
src/registration/dto/create-registration.dto.ts(11,6): error TS1240: Unable to resolve signature of property decorator when called as an expression.
  Argument of type 'ClassFieldDecoratorContext<CreateRegistrationDto, string> & { name: "userId"; private: false; static: false; }' is not assignable to parameter of type 'string | symbol'.
src/registration/dto/create-registration.dto.ts(12,6): error TS1240: Unable to resolve signature of property decorator when called as an expression.
  Argument of type 'ClassFieldDecoratorContext<CreateRegistrationDto, string> & { name: "userId"; private: false; static: false; }' is not assignable to parameter of type 'string | symbol'.
src/registration/dto/create-registration.dto.ts(15,6): error TS1240: Unable to resolve signature of property decorator when called as an expression.
  Argument of type 'ClassFieldDecoratorContext<CreateRegistrationDto, string> & { name: "name"; private: false; static: false; }' is not assignable to parameter of type 'string | symbol'.
src/registration/dto/create-registration.dto.ts(18,6): error TS1240: Unable to resolve signature of property decorator when called as an expression.
  Argument of type 'ClassFieldDecoratorContext<CreateRegistrationDto, string> & { name: "email"; private: false; static: false; }' is not assignable to parameter of type 'string | symbol'.
src/registration/dto/create-registration.dto.ts(21,6): error TS1240: Unable to resolve signature of property decorator when called as an expression.
  Argument of type 'ClassFieldDecoratorContext<CreateRegistrationDto, string> & { name: "gender"; private: false; static: false; }' is not assignable to parameter of type 'string | symbol'.
src/registration/dto/create-registration.dto.ts(24,6): error TS1240: Unable to resolve signature of property decorator when called as an expression.
  Argument of type 'ClassFieldDecoratorContext<CreateRegistrationDto, string> & { name: "dateOfBirth"; private: false; static: false; }' is not assignable to parameter of type 'string | symbol'.
src/registration/dto/create-registration.dto.ts(27,6): error TS1240: Unable to resolve signature of property decorator when called as an expression.
  Argument of type 'ClassFieldDecoratorContext<CreateRegistrationDto, number> & { name: "age"; private: false; static: false; }' is not assignable to parameter of type 'string | symbol'.
src/registration/dto/create-registration.dto.ts(30,6): error TS1240: Unable to resolve signature of property decorator when called as an expression.
  Argument of type 'ClassFieldDecoratorContext<CreateRegistrationDto, string> & { name: "presentAddress"; private: false; static: false; }' is not assignable to parameter of type 'string | symbol'.
src/registration/dto/create-registration.dto.ts(33,6): error TS1240: Unable to resolve signature of property decorator when called as an expression.
  Argument of type 'ClassFieldDecoratorContext<CreateRegistrationDto, string> & { name: "mobileNumber"; private: false; static: false; }' is not assignable to parameter of type 'string | symbol'.
src/registration/dto/create-registration.dto.ts(36,6): error TS1240: Unable to resolve signature of property decorator when called as an expression.
  Argument of type 'ClassFieldDecoratorContext<CreateRegistrationDto, string> & { name: "medicalHistory"; private: false; static: false; }' is not assignable to parameter of type 'string | symbol'.
src/registration/dto/create-registration.dto.ts(37,6): error TS1240: Unable to resolve signature of property decorator when called as an expression.
  Argument of type 'ClassFieldDecoratorContext<CreateRegistrationDto, string> & { name: "medicalHistory"; private: false; static: false; }' is not assignable to parameter of type 'string | symbol'.
src/registration/dto/create-registration.dto.ts(40,6): error TS1240: Unable to resolve signature of property decorator when called as an expression.
  Argument of type 'ClassFieldDecoratorContext<CreateRegistrationDto, string> & { name: "tshirtSize"; private: false; static: false; }' is not assignable to parameter of type 'string | symbol'.
src/registration/dto/create-registration.dto.ts(43,6): error TS1240: Unable to resolve signature of property decorator when called as an expression.
  Argument of type 'ClassFieldDecoratorContext<CreateRegistrationDto, RaceCategory> & { name: "raceCategory"; private: false; static: false; }' is not assignable to parameter of type 'string | symbol'.
src/registration/dto/create-registration.dto.ts(46,6): error TS1240: Unable to resolve signature of property decorator when called as an expression.
  Argument of type 'ClassFieldDecoratorContext<CreateRegistrationDto, string> & { name: "emergencyContactName"; private: false; static: false; }' is not assignable to parameter of type 'string | symbol'.
src/registration/dto/create-registration.dto.ts(49,6): error TS1240: Unable to resolve signature of property decorator when called as an expression.
  Argument of type 'ClassFieldDecoratorContext<CreateRegistrationDto, string> & { name: "emergencyContactMobile"; private: false; static: false; }' is not assignable to parameter of type 'string | symbol'.
src/registration/dto/create-registration.dto.ts(52,6): error TS1240: Unable to resolve signature of property decorator when called as an expression.
  Argument of type 'ClassFieldDecoratorContext<CreateRegistrationDto, boolean> & { name: "waiverAccepted"; private: false; static: false; }' is not assignable to parameter of type 'string | symbol'.
src/registration/dto/create-registration.dto.ts(55,6): error TS1240: Unable to resolve signature of property decorator when called as an expression.
  Argument of type 'ClassFieldDecoratorContext<CreateRegistrationDto, number> & { name: "amount"; private: false; static: false; }' is not assignable to parameter of type 'string | symbol'.
